// Jest Snapshot v1, https://goo.gl/fbAQLP

exports[`Test for all component It should render calculator component 1`] = `
<div
  className="main-calculator"
>
  <div>
    <p>
      Lets do some math!
    </p>
  </div>
  <div
    className="calculator-wrap"
  >
    <div
      className="calculator-result"
    />
    <div
      className="operation-container"
    >
      <div
        className="calculator-upper"
      >
        <div
          className="calculator-number"
        >
          <button
            alt=""
            onClick={[Function]}
            type="button"
            value="AC"
          >
            AC
          </button>
          <button
            alt=""
            onClick={[Function]}
            type="button"
            value="+"
          >
            +/-
          </button>
          <button
            alt=""
            onClick={[Function]}
            type="button"
            value="%"
          >
            %
          </button>
        </div>
        <div
          className="calculator-lower"
        >
          <div
            className="calculator-number"
          >
            <button
              alt=""
              onClick={[Function]}
              type="button"
              value="7"
            >
              7
            </button>
            <button
              alt=""
              onClick={[Function]}
              type="button"
              value="8"
            >
              8
            </button>
            <button
              alt=""
              onClick={[Function]}
              type="button"
              value="9"
            >
              9
            </button>
          </div>
          <div
            className="calculator-number"
          >
            <button
              alt=""
              onClick={[Function]}
              type="button"
              value="4"
            >
              4
            </button>
            <button
              alt=""
              onClick={[Function]}
              type="button"
              value="5"
            >
              5
            </button>
            <button
              alt=""
              onClick={[Function]}
              type="button"
              value="6"
            >
              6
            </button>
          </div>
          <div
            className="calculator-number"
          >
            <button
              alt=""
              onClick={[Function]}
              type="button"
              value="1"
            >
              1
            </button>
            <button
              alt=""
              onClick={[Function]}
              type="button"
              value="2"
            >
              2
            </button>
            <button
              alt=""
              onClick={[Function]}
              type="button"
              value="3"
            >
              3
            </button>
          </div>
          <div
            className="calculator-zero"
          >
            <button
              alt=""
              onClick={[Function]}
              type="button"
              value="0"
            >
              0
            </button>
            <button
              alt=""
              onClick={[Function]}
              type="button"
              value="."
            >
              .
            </button>
          </div>
        </div>
      </div>
      <div
        className="calculator-operation"
      >
        <button
          alt=""
          onClick={[Function]}
          type="button"
          value="รท"
        >
          รท
        </button>
        <button
          alt=""
          onClick={[Function]}
          type="button"
          value="x"
        >
          x
        </button>
        <button
          alt=""
          onClick={[Function]}
          type="button"
          value="-"
        >
          -
        </button>
        <button
          alt=""
          onClick={[Function]}
          type="button"
          value="+"
        >
          +
        </button>
        <button
          alt=""
          onClick={[Function]}
          type="button"
          value="="
        >
          =
        </button>
      </div>
    </div>
  </div>
</div>
`;
